Meetings in range 2010-2026: 138
/Users/gohyeonjeong/Documents/hz/FOMC_corpus/_meta/collect_fomc_docs.py:121: DeprecationWarning: datetime.datetime.utcnow() is deprecated and scheduled for removal in a future version. Use timezone-aware objects to represent datetimes in UTC: datetime.datetime.now(datetime.UTC).
  "collected_at": datetime.utcnow().isoformat(timespec="seconds") + "Z",
  S 20100127 -> ok
  S 20100316 -> ok
  S 20100428 -> ok
  S 20100623 -> ok
  S 20100810 -> ok
  S 20100921 -> ok
  S 20101103 -> ok
  S 20101214 -> ok
  S 20110126 -> ok
  S 20110315 -> ok
  S 20110427 -> ok
  S 20110622 -> ok
  S 20110809 -> ok
  S 20110921 -> ok
  S 20111102 -> ok
  S 20111213 -> ok
  S 20120125 -> ok
  S 20120313 -> ok
  S 20120425 -> ok
  S 20120620 -> ok
  S 20120801 -> ok
  S 20120913 -> ok
  S 20121023 -> missing
  S 20121024 -> ok
  S 20121212 -> ok
  S 20130130 -> ok
  S 20130320 -> ok
  S 20130501 -> ok
  S 20130619 -> ok
  S 20130731 -> ok
  S 20130918 -> ok
  S 20131030 -> ok
  S 20131218 -> ok
  S 20140129 -> ok
  S 20140319 -> ok
  S 20140430 -> ok
  S 20140618 -> ok
  S 20140730 -> ok
  S 20140917 -> ok
  S 20141029 -> ok
  S 20141217 -> ok
  S 20150128 -> skip
  S 20150318 -> skip
  S 20150429 -> ok
  S 20150617 -> ok
  S 20150729 -> ok
  S 20150917 -> ok
  S 20151028 -> ok
  S 20151216 -> ok
  S 20160127 -> ok
  S 20160316 -> ok
  S 20160427 -> ok
  S 20160615 -> ok
  S 20160727 -> ok
  S 20160921 -> ok
  S 20161102 -> ok
  S 20161214 -> ok
  S 20170201 -> ok
  S 20170315 -> ok
  S 20170503 -> ok
  S 20170614 -> ok
  S 20170726 -> ok
  S 20170920 -> ok
  S 20171101 -> ok
  S 20171213 -> ok
  S 20180131 -> ok
  S 20180321 -> ok
  S 20180502 -> ok
  S 20180613 -> ok
  S 20180801 -> ok
  S 20180926 -> ok
  S 20181108 -> ok
  S 20181219 -> ok
  S 20190130 -> ok
  S 20190320 -> ok
  S 20190501 -> ok
  S 20190619 -> ok
  S 20190731 -> ok
  S 20190918 -> ok
  S 20191011 -> ok
  S 20191030 -> ok
  S 20191211 -> ok
  S 20200129 -> ok
  S 20200303 -> ok
  S 20200315 -> ok
  S 20200323 -> ok
  S 20200331 -> ok
  S 20200429 -> ok
  S 20200610 -> ok
  S 20200729 -> ok
  S 20200827 -> ok
  S 20200916 -> ok
  S 20201105 -> ok
  S 20201216 -> ok
  S 20210127 -> ok
  S 20210317 -> ok
  S 20210428 -> ok
  S 20210616 -> ok
  S 20210728 -> ok
  S 20210922 -> ok
  S 20211103 -> ok
  S 20211215 -> ok
  S 20220126 -> ok
  S 20220316 -> ok
  S 20220504 -> ok
  S 20220615 -> ok
  S 20220727 -> ok
  S 20220921 -> ok
  S 20221102 -> ok
  S 20221214 -> ok
  S 20230201 -> ok
  S 20230322 -> ok
  S 20230503 -> ok
  S 20230614 -> ok
  S 20230726 -> ok
  S 20230920 -> ok
  S 20231101 -> ok
  S 20231213 -> ok
  S 20240131 -> ok
  S 20240320 -> ok
  S 20240501 -> ok
  S 20240612 -> ok
  S 20240731 -> ok
  S 20240918 -> ok
  S 20241107 -> ok
  S 20241218 -> ok
  S 20250129 -> ok
  S 20250319 -> ok
  S 20250507 -> ok
  S 20250618 -> ok
  S 20250730 -> ok
  S 20250822 -> ok
  S 20250917 -> ok
  S 20251029 -> ok
  S 20251210 -> ok
  S 20260128 -> ok
  S 20260318 -> ok
  S 20260429 -> ok
/Users/gohyeonjeong/Documents/hz/FOMC_corpus/_meta/collect_fomc_docs.py:155: DeprecationWarning: datetime.datetime.utcnow() is deprecated and scheduled for removal in a future version. Use timezone-aware objects to represent datetimes in UTC: datetime.datetime.now(datetime.UTC).
  "collected_at": datetime.utcnow().isoformat(timespec="seconds") + "Z",
  M 20100127 -> ok
  M 20100316 -> ok
  M 20100428 -> ok
  M 20100623 -> ok
  M 20100810 -> ok
  M 20100921 -> ok
  M 20101103 -> ok
  M 20101214 -> ok
  M 20110126 -> ok
  M 20110315 -> ok
  M 20110427 -> ok
  M 20110622 -> ok
  M 20110809 -> ok
  M 20110921 -> ok
  M 20111102 -> ok
  M 20111213 -> ok
  M 20120125 -> ok
  M 20120313 -> ok
  M 20120425 -> ok
  M 20120620 -> ok
  M 20120801 -> ok
  M 20120913 -> ok
  M 20121023 -> ok
  M 20121024 -> ok
  M 20121212 -> ok
  M 20130130 -> ok
  M 20130320 -> ok
  M 20130501 -> ok
  M 20130619 -> ok
  M 20130731 -> ok
  M 20130918 -> ok
  M 20131030 -> ok
  M 20131218 -> ok
  M 20140129 -> ok
  M 20140319 -> ok
  M 20140430 -> ok
  M 20140618 -> ok
  M 20140730 -> ok
  M 20140917 -> ok
  M 20141029 -> ok
  M 20141217 -> ok
  M 20150128 -> skip
  M 20150318 -> skip
  M 20150429 -> ok
  M 20150617 -> ok
  M 20150729 -> ok
  M 20150917 -> ok
  M 20151028 -> ok
  M 20151216 -> ok
  M 20160127 -> ok
  M 20160316 -> ok
  M 20160427 -> ok
  M 20160615 -> ok
  M 20160727 -> ok
  M 20160921 -> ok
  M 20161102 -> ok
  M 20161214 -> ok
  M 20170201 -> ok
  M 20170315 -> ok
  M 20170503 -> ok
  M 20170614 -> ok
  M 20170726 -> ok
  M 20170920 -> ok
  M 20171101 -> ok
  M 20171213 -> ok
  M 20180131 -> ok
  M 20180321 -> ok
  M 20180502 -> ok
  M 20180613 -> ok
  M 20180801 -> ok
  M 20180926 -> ok
  M 20181108 -> ok
  M 20181219 -> ok
  M 20190130 -> ok
  M 20190320 -> ok
  M 20190501 -> ok
  M 20190619 -> ok
  M 20190731 -> ok
  M 20190918 -> ok
  M 20191011 -> missing
  M 20191030 -> ok
  M 20191211 -> ok
  M 20200129 -> ok
  M 20200303 -> missing
  M 20200315 -> ok
  M 20200323 -> missing
  M 20200331 -> missing
  M 20200429 -> ok
  M 20200610 -> ok
  M 20200729 -> ok
  M 20200827 -> missing
  M 20200916 -> ok
  M 20201105 -> ok
  M 20201216 -> ok
  M 20210127 -> ok
  M 20210317 -> ok
  M 20210428 -> ok
  M 20210616 -> ok
  M 20210728 -> ok
  M 20210922 -> ok
  M 20211103 -> ok
  M 20211215 -> ok
  M 20220126 -> ok
  M 20220316 -> ok
  M 20220504 -> ok
  M 20220615 -> ok
  M 20220727 -> ok
  M 20220921 -> ok
  M 20221102 -> ok
  M 20221214 -> ok
  M 20230201 -> ok
  M 20230322 -> ok
  M 20230503 -> ok
  M 20230614 -> ok
  M 20230726 -> ok
  M 20230920 -> ok
  M 20231101 -> ok
  M 20231213 -> ok
  M 20240131 -> ok
  M 20240320 -> ok
  M 20240501 -> ok
  M 20240612 -> ok
  M 20240731 -> ok
  M 20240918 -> ok
  M 20241107 -> ok
  M 20241218 -> ok
  M 20250129 -> ok
  M 20250319 -> ok
  M 20250507 -> ok
  M 20250618 -> ok
  M 20250730 -> ok
  M 20250822 -> missing
  M 20250917 -> ok
  M 20251029 -> ok
  M 20251210 -> ok
  M 20260128 -> ok
  M 20260318 -> ok
  M 20260429 -> ok
  T 20100127 -> missing
  T 20100316 -> missing
  T 20100428 -> missing
  T 20100623 -> missing
  T 20100810 -> missing
  T 20100921 -> missing
  T 20101103 -> missing
  T 20101214 -> missing
  T 20110126 -> missing
  T 20110315 -> missing
/Users/gohyeonjeong/Documents/hz/FOMC_corpus/_meta/collect_fomc_docs.py:190: DeprecationWarning: datetime.datetime.utcnow() is deprecated and scheduled for removal in a future version. Use timezone-aware objects to represent datetimes in UTC: datetime.datetime.now(datetime.UTC).
  "collected_at": datetime.utcnow().isoformat(timespec="seconds") + "Z",
  T 20110427 -> ok
  T 20110622 -> ok
  T 20110809 -> missing
  T 20110921 -> missing
  T 20111102 -> ok
  T 20111213 -> missing
  T 20120125 -> ok
  T 20120313 -> missing
  T 20120425 -> ok
  T 20120620 -> ok
  T 20120801 -> missing
  T 20120913 -> ok
  T 20121023 -> missing
  T 20121024 -> missing
  T 20121212 -> ok
  T 20130130 -> missing
  T 20130320 -> ok
  T 20130501 -> missing
  T 20130619 -> ok
  T 20130731 -> missing
  T 20130918 -> ok
  T 20131030 -> missing
  T 20131218 -> ok
  T 20140129 -> missing
  T 20140319 -> ok
  T 20140430 -> missing
  T 20140618 -> ok
  T 20140730 -> missing
  T 20140917 -> ok
  T 20141029 -> missing
  T 20141217 -> ok
  T 20150128 -> missing
  T 20150318 -> skip
  T 20150429 -> missing
  T 20150617 -> ok
  T 20150729 -> missing
  T 20150917 -> ok
  T 20151028 -> missing
  T 20151216 -> ok
  T 20160127 -> missing
  T 20160316 -> ok
  T 20160427 -> missing
  T 20160615 -> ok
  T 20160727 -> missing
  T 20160921 -> ok
  T 20161102 -> missing
  T 20161214 -> ok
  T 20170201 -> missing
  T 20170315 -> ok
  T 20170503 -> missing
  T 20170614 -> ok
  T 20170726 -> missing
  T 20170920 -> ok
  T 20171101 -> missing
  T 20171213 -> ok
  T 20180131 -> missing
  T 20180321 -> ok
  T 20180502 -> missing
  T 20180613 -> ok
  T 20180801 -> missing
  T 20180926 -> ok
  T 20181108 -> missing
  T 20181219 -> ok
  T 20190130 -> ok
  T 20190320 -> ok
  T 20190501 -> ok
  T 20190619 -> ok
  T 20190731 -> ok
  T 20190918 -> ok
  T 20191011 -> missing
  T 20191030 -> ok
  T 20191211 -> ok
  T 20200129 -> ok
  T 20200303 -> ok
  T 20200315 -> ok
  T 20200323 -> missing
  T 20200331 -> missing
  T 20200429 -> ok
  T 20200610 -> ok
  T 20200729 -> ok
  T 20200827 -> missing
  T 20200916 -> ok
  T 20201105 -> ok
  T 20201216 -> ok
  T 20210127 -> ok
  T 20210317 -> ok
  T 20210428 -> ok
  T 20210616 -> ok
  T 20210728 -> ok
  T 20210922 -> ok
  T 20211103 -> ok
  T 20211215 -> ok
  T 20220126 -> ok
  T 20220316 -> ok
  T 20220504 -> ok
  T 20220615 -> ok
  T 20220727 -> ok
  T 20220921 -> ok
  T 20221102 -> ok
  T 20221214 -> ok
  T 20230201 -> ok
  T 20230322 -> ok
  T 20230503 -> ok
  T 20230614 -> ok
  T 20230726 -> ok
  T 20230920 -> ok
  T 20231101 -> ok
  T 20231213 -> ok
  T 20240131 -> ok
  T 20240320 -> ok
  T 20240501 -> ok
  T 20240612 -> ok
  T 20240731 -> ok
  T 20240918 -> ok
  T 20241107 -> ok
  T 20241218 -> ok
  T 20250129 -> ok
  T 20250319 -> ok
  T 20250507 -> ok
  T 20250618 -> ok
  T 20250730 -> ok
  T 20250822 -> missing
  T 20250917 -> ok
  T 20251029 -> ok
  T 20251210 -> ok
  T 20260128 -> ok
  T 20260318 -> ok
  T 20260429 -> ok
  [speeches 2010] 0 by Chair
  [speeches 2011] 18 by Chair
/Users/gohyeonjeong/Documents/hz/FOMC_corpus/_meta/collect_fomc_docs.py:251: DeprecationWarning: datetime.datetime.utcnow() is deprecated and scheduled for removal in a future version. Use timezone-aware objects to represent datetimes in UTC: datetime.datetime.now(datetime.UTC).
  "collected_at": datetime.utcnow().isoformat(timespec="seconds") + "Z",
    SP Bernanke 20111110a -> ok
    SP Bernanke 20111109a -> ok
    SP Bernanke 20111018a -> ok
    SP Bernanke 20110928a -> ok
    SP Bernanke 20110915a -> ok
    SP Bernanke 20110908a -> ok
    SP Bernanke 20110826a -> ok
    SP Bernanke 20110614a -> ok
    SP Bernanke 20110607a -> ok
    SP Bernanke 20110516a -> ok
    SP Bernanke 20110512a -> ok
    SP Bernanke 20110505a -> ok
    SP Bernanke 20110429a -> ok
    SP Bernanke 20110404a -> ok
    SP Bernanke 20110323a -> ok
    SP Bernanke 20110302a -> ok
    SP Bernanke 20110218a -> ok
    SP Bernanke 20110203a -> ok
  [speeches 2012] 16 by Chair
    SP Bernanke 20121120a -> ok
    SP Bernanke 20121115a -> ok
    SP Bernanke 20121014a -> ok
    SP Bernanke 20121001a -> ok
    SP Bernanke 20120831a -> ok
    SP Bernanke 20120807a -> ok
    SP Bernanke 20120806a -> ok
    SP Bernanke 20120724a -> ok
    SP Bernanke 20120510a -> ok
    SP Bernanke 20120413a -> ok
    SP Bernanke 20120409a -> ok
    SP Bernanke 20120326a -> ok
    SP Bernanke 20120323a -> ok
    SP Bernanke 20120314a -> ok
    SP Bernanke 20120216a -> ok
    SP Bernanke 20110210a -> ok
  [speeches 2013] 16 by Chair
    SP Bernanke 20131216b -> ok
    SP Bernanke 20131216a -> ok
    SP Bernanke 20131119a -> ok
    SP Bernanke 20131114a -> ok
    SP Bernanke 20131113a -> ok
    SP Bernanke 20131108a -> ok
    SP Bernanke 20131014a -> ok
    SP Bernanke 20131002a -> ok
    SP Bernanke 20130710a -> ok
    SP Bernanke 20130602a -> ok
    SP Bernanke 20130518a -> ok
    SP Bernanke 20130510a -> ok
    SP Bernanke 20130412a -> ok
    SP Bernanke 20130408a -> ok
    SP Bernanke 20130325a -> ok
    SP Bernanke 20130301a -> ok
  [speeches 2014] 15 by Chair
    SP Yellen 20141107a -> ok
    SP Yellen 20141030a -> ok
    SP Yellen 20141017a -> ok
    SP Yellen 20140918a -> ok
    SP Yellen 20140822a -> ok
    SP Yellen 20140702a -> ok
    SP Yellen 20140521a -> ok
    SP Yellen 20140515a -> ok
    SP Yellen 20140501a -> ok
    SP Yellen 20140416a -> ok
    SP Yellen 20140415a -> ok
    SP Yellen 20140331a -> ok
    SP Yellen 20140325a -> ok
    SP Yellen 20140305a -> ok
    SP Bernanke 20140103a -> ok
  [speeches 2015] 11 by Chair
    SP Yellen 20151202a -> skip
    SP Yellen 20151112a -> skip
    SP Yellen 20151020a -> ok
    SP Yellen 20150930a -> ok
    SP Yellen 20150924a -> ok
    SP Yellen 20150710a -> ok
    SP Yellen 20150522a -> ok
    SP Yellen 20150506a -> ok
    SP Yellen 20150402a -> ok
    SP Yellen 20150327a -> ok
    SP Yellen 20150303a -> ok
  [speeches 2016] 6 by Chair
    SP Yellen 20161219a -> ok
    SP Yellen 20161014a -> ok
    SP Yellen 20160929a -> ok
    SP Yellen 20160826a -> ok
    SP Yellen 20160606a -> ok
    SP Yellen 20160329a -> ok
  [speeches 2017] 13 by Chair
    SP Yellen 20171107a -> ok
    SP Yellen 20171020a -> ok
    SP Yellen 20171015a -> ok
    SP Yellen 20171004a -> ok
    SP Yellen 20170926a -> ok
    SP Yellen 20170825a -> ok
    SP Yellen 20170505a -> ok
    SP Yellen 20170328a -> ok
    SP Yellen 20170323a -> ok
    SP Yellen 20170303a -> ok
    SP Yellen 20170119a -> ok
    SP Yellen 20170118a -> ok
    SP Yellen 20170112a -> ok
  [speeches 2018] 11 by Chair
    SP Powell 20181206a -> ok
    SP Powell 20181203a -> ok
    SP Powell 20181128a -> ok
    SP Powell 20181002a -> ok
    SP Powell 20180927a -> ok
    SP Powell 20180824a -> ok
    SP Powell 20180620a -> ok
    SP Powell 20180525a -> ok
    SP Powell 20180508a -> ok
    SP Powell 20180406a -> ok
    SP Powell 20180213a -> ok
  [speeches 2019] 17 by Chair
    SP Powell 20191125a -> ok
    SP Powell 20191009a -> ok
    SP Powell 20191008a -> ok
    SP Powell 20191007a -> ok
    SP Powell 20191004a -> ok
    SP Powell 20190823a -> ok
    SP Powell 20190716a -> ok
    SP Powell 20190709a -> ok
    SP Powell 20190625a -> ok
    SP Powell 20190604a -> ok
    SP Powell 20190520a -> ok
    SP Powell 20190509a -> ok
    SP Powell 20190311a -> ok
    SP Powell 20190308a -> ok
    SP Powell 20190228b -> ok
    SP Powell 20190212a -> ok
    SP Powell 20190206a -> ok
  [speeches 2020] 6 by Chair
    SP Powell 20201006a -> ok
    SP Powell 20200827a -> ok
    SP Powell 20200619a -> ok
    SP Powell 20200521a -> ok
    SP Powell 20200513a -> ok
    SP Powell 20200409a -> ok
  [speeches 2021] 9 by Chair
    SP Powell 20211129a -> ok
    SP Powell 20211109a -> ok
    SP Powell 20211108a -> ok
    SP Powell 20210924a -> ok
    SP Powell 20210827a -> ok
    SP Powell 20210817a -> ok
    SP Powell 20210503a -> ok
    SP Powell 20210318a -> ok
    SP Powell 20210210a -> ok
  [speeches 2022] 6 by Chair
    SP Powell 20221130a -> ok
    SP Powell 20220928a -> ok
    SP Powell 20220826a -> ok
    SP Powell 20220617a -> ok
    SP Powell 20220524a -> ok
    SP Powell 20220321a -> ok
  [speeches 2023] 9 by Chair
    SP Powell 20231201a -> ok
    SP Powell 20231109a -> ok
    SP Powell 20231108a -> ok
    SP Powell 20231025a -> ok
    SP Powell 20231019a -> ok
    SP Powell 20230928a -> ok
    SP Powell 20230825a -> ok
    SP Powell 20230629a -> ok
    SP Powell 20230110a -> ok
  [speeches 2024] 6 by Chair
    SP Powell 20241114a -> ok
    SP Powell 20240930a -> ok
    SP Powell 20240926a -> ok
    SP Powell 20240823a -> ok
    SP Powell 20240519a -> ok
    SP Powell 20240403a -> ok
  [speeches 2025] 12 by Chair
    SP Powell 20251201a -> ok
    SP Powell 20251014a -> ok
    SP Powell 20251009a -> ok
    SP Powell 20250923a -> ok
    SP Powell 20250822a -> ok
    SP Powell 20250722a -> ok
    SP Powell 20250602a -> ok
    SP Powell 20250525a -> ok
    SP Powell 20250515a -> ok
    SP Powell 20250416a -> ok
    SP Powell 20250404a -> ok
    SP Powell 20250307a -> ok
  [speeches 2026] 3 by Chair
    SP Powell 20260531a -> ok
    SP Powell 20260321a -> ok
    SP Powell 20260111a -> ok
/Users/gohyeonjeong/Documents/hz/FOMC_corpus/_meta/collect_fomc_docs.py:319: DeprecationWarning: datetime.datetime.utcnow() is deprecated and scheduled for removal in a future version. Use timezone-aware objects to represent datetimes in UTC: datetime.datetime.now(datetime.UTC).
  "generated_at": datetime.utcnow().isoformat(timespec="seconds") + "Z",

DONE
{
  "generated_at": "2026-06-10T19:01:45Z",
  "years": [
    2010,
    2026
  ],
  "counts": {
    "statements": {
      "ok": 135,
      "skip": 2,
      "missing": 1
    },
    "minutes": {
      "ok": 130,
      "skip": 2,
      "missing": 6
    },
    "transcripts": {
      "ok": 91,
      "skip": 1,
      "missing": 46
    },
    "speeches": {
      "ok": 172,
      "skip": 2,
      "missing": 0
    }
  }
}
